Archive member included to satisfy reference by file (symbol)

/srv/gcc-arm-none-eabi-5_4-2016q3/bin/../lib/gcc/arm-none-eabi/5.4.1/armv6-m/libgcc.a(_udivsi3.o)
                              ./code/main.o (__aeabi_uidiv)
/srv/gcc-arm-none-eabi-5_4-2016q3/bin/../lib/gcc/arm-none-eabi/5.4.1/armv6-m/libgcc.a(_dvmd_tls.o)
                              /srv/gcc-arm-none-eabi-5_4-2016q3/bin/../lib/gcc/arm-none-eabi/5.4.1/armv6-m/libgcc.a(_udivsi3.o) (__aeabi_idiv0)
/srv/gcc-arm-none-eabi-5_4-2016q3/bin/../lib/gcc/arm-none-eabi/5.4.1/armv6-m/libgcc.a(_arm_cmpsf2.o)
                              ./code/main.o (__aeabi_fcmplt)
/srv/gcc-arm-none-eabi-5_4-2016q3/bin/../lib/gcc/arm-none-eabi/5.4.1/armv6-m/libgcc.a(_fixunssfsi.o)
                              ./code/main.o (__aeabi_f2uiz)
/srv/gcc-arm-none-eabi-5_4-2016q3/bin/../lib/gcc/arm-none-eabi/5.4.1/armv6-m/libgcc.a(divsf3.o)
                              ./code/main.o (__aeabi_fdiv)
/srv/gcc-arm-none-eabi-5_4-2016q3/bin/../lib/gcc/arm-none-eabi/5.4.1/armv6-m/libgcc.a(eqsf2.o)
                              /srv/gcc-arm-none-eabi-5_4-2016q3/bin/../lib/gcc/arm-none-eabi/5.4.1/armv6-m/libgcc.a(_arm_cmpsf2.o) (__eqsf2)
/srv/gcc-arm-none-eabi-5_4-2016q3/bin/../lib/gcc/arm-none-eabi/5.4.1/armv6-m/libgcc.a(gesf2.o)
                              /srv/gcc-arm-none-eabi-5_4-2016q3/bin/../lib/gcc/arm-none-eabi/5.4.1/armv6-m/libgcc.a(_arm_cmpsf2.o) (__gesf2)
/srv/gcc-arm-none-eabi-5_4-2016q3/bin/../lib/gcc/arm-none-eabi/5.4.1/armv6-m/libgcc.a(lesf2.o)
                              /srv/gcc-arm-none-eabi-5_4-2016q3/bin/../lib/gcc/arm-none-eabi/5.4.1/armv6-m/libgcc.a(_arm_cmpsf2.o) (__lesf2)
/srv/gcc-arm-none-eabi-5_4-2016q3/bin/../lib/gcc/arm-none-eabi/5.4.1/armv6-m/libgcc.a(mulsf3.o)
                              ./code/main.o (__aeabi_fmul)
/srv/gcc-arm-none-eabi-5_4-2016q3/bin/../lib/gcc/arm-none-eabi/5.4.1/armv6-m/libgcc.a(subsf3.o)
                              ./code/main.o (__aeabi_fsub)
/srv/gcc-arm-none-eabi-5_4-2016q3/bin/../lib/gcc/arm-none-eabi/5.4.1/armv6-m/libgcc.a(fixsfsi.o)
                              /srv/gcc-arm-none-eabi-5_4-2016q3/bin/../lib/gcc/arm-none-eabi/5.4.1/armv6-m/libgcc.a(_fixunssfsi.o) (__aeabi_f2iz)
/srv/gcc-arm-none-eabi-5_4-2016q3/bin/../lib/gcc/arm-none-eabi/5.4.1/armv6-m/libgcc.a(floatunsisf.o)
                              ./code/main.o (__aeabi_ui2f)
/srv/gcc-arm-none-eabi-5_4-2016q3/bin/../lib/gcc/arm-none-eabi/5.4.1/armv6-m/libgcc.a(_clzsi2.o)
                              /srv/gcc-arm-none-eabi-5_4-2016q3/bin/../lib/gcc/arm-none-eabi/5.4.1/armv6-m/libgcc.a(divsf3.o) (__clzsi2)

Allocating common symbols
Common symbol       size              file

wheel               0x4               ./code/main.o
time_h              0x4               ./code/main.o
now_time            0x4               ./code/main.o
max_speed           0x4               ./code/main.o
distance            0x4               ./code/main.o
switchDisplay       0x1               ./code/main.o
post_time           0x4               ./code/main.o
time_m              0x4               ./code/main.o
mode                0x4               ./code/main.o
cadence             0x4               ./code/main.o
total_distance_f    0x4               ./code/main.o
post_distance       0x4               ./code/main.o
speed_b             0x4               ./code/main.o
speed_red           0x1               ./code/main.o
time                0x4               ./code/main.o
speed_f             0x4               ./code/main.o
total_distance      0x4               ./code/main.o
speed               0x4               ./code/main.o
total_distance_b    0x4               ./code/main.o
isNight             0x1               ./code/main.o
bike_fork           0x4               ./code/main.o
crank               0x4               ./code/main.o

Memory Configuration

Name             Origin             Length             Attributes
ROM              0x00000000         0x00004000         xr
RAM              0x20000000         0x00000100         xrw
*default*        0x00000000         0xffffffff

Linker script and memory map

LOAD ./code/crt.o
LOAD ./code/vectors_designstart.o
LOAD ./code/main.o
START GROUP
LOAD /srv/gcc-arm-none-eabi-5_4-2016q3/bin/../lib/gcc/arm-none-eabi/5.4.1/armv6-m/libgcc.a
LOAD /srv/gcc-arm-none-eabi-5_4-2016q3/bin/../lib/gcc/arm-none-eabi/5.4.1/../../../../arm-none-eabi/lib/armv6-m/libc.a
END GROUP

.text           0x00000000     0x13c4
                0x00000000                _stext = .
 CREATE_OBJECT_SYMBOLS
 *(.vectors)
 .vectors       0x00000000       0xc0 ./code/vectors_designstart.o
                0x00000000                gVectors
 *(.text)
 .text          0x000000c0       0x2c ./code/crt.o
                0x000000c0                ResetHandler
 .text          0x000000ec       0x68 ./code/vectors_designstart.o
                0x000000ec                NMI_Handler
                0x000000f0                HardFault_Handler
                0x000000f4                MemManage_Handler
                0x000000f8                BusFault_Handler
                0x000000fc                UsageFault_Handler
                0x00000100                SVC_Handler
                0x00000104                DebugMon_Handler
                0x00000108                PendSV_Handler
                0x0000010c                SysTick_Handler
                0x00000110                WAKEUP_IRQHandler
                0x00000114                C_CAN_IRQHandler
                0x00000118                SSP1_IRQHandler
                0x0000011c                I2C_IRQHandler
                0x00000120                CT16B0_IRQHandler
                0x00000124                CT16B1_IRQHandler
                0x00000128                CT32B0_IRQHandler
                0x0000012c                CT32B1_IRQHandler
                0x00000130                SSP0_IRQHandler
                0x00000134                UART_IRQHandler
                0x00000138                ADC_IRQHandler
                0x0000013c                WDT_IRQHandler
                0x00000140                BOD_IRQHandler
                0x00000144                PIO_3_IRQHandler
                0x00000148                PIO_2_IRQHandler
                0x0000014c                PIO_1_IRQHandler
                0x00000150                PIO_0_IRQHandler
 .text          0x00000154      0x630 ./code/main.o
                0x00000154                setting
                0x0000016c                press_trip
                0x00000184                press_mode
                0x0000019c                press_d_mode
                0x000001b0                check_button
                0x000001c8                time_up
                0x000001e0                read_time_short
                0x000001f0                read_time_long
                0x00000200                read_crank
                0x00000210                read_fork
                0x00000220                clear_fork
                0x00000230                clear_timer_long
                0x0000024c                display_segment
                0x00000270                wait_for_press
                0x00000290                wait_for_setting
                0x0000036c                check_speed
                0x000003bc                get_distance
                0x00000414                get_speed
                0x00000448                get_cadence
                0x00000488                initiate
                0x00000518                main
 .text          0x00000784      0x114 /srv/gcc-arm-none-eabi-5_4-2016q3/bin/../lib/gcc/arm-none-eabi/5.4.1/armv6-m/libgcc.a(_udivsi3.o)
                0x00000784                __udivsi3
                0x00000784                __aeabi_uidiv
                0x00000890                __aeabi_uidivmod
 .text          0x00000898        0x4 /srv/gcc-arm-none-eabi-5_4-2016q3/bin/../lib/gcc/arm-none-eabi/5.4.1/armv6-m/libgcc.a(_dvmd_tls.o)
                0x00000898                __aeabi_ldiv0
                0x00000898                __aeabi_idiv0
 .text          0x0000089c       0x74 /srv/gcc-arm-none-eabi-5_4-2016q3/bin/../lib/gcc/arm-none-eabi/5.4.1/armv6-m/libgcc.a(_arm_cmpsf2.o)
                0x0000089c                __aeabi_cfrcmple
                0x000008a4                __aeabi_cfcmple
                0x000008a4                __aeabi_cfcmpeq
                0x000008b4                __aeabi_fcmpeq
                0x000008c0                __aeabi_fcmplt
                0x000008d4                __aeabi_fcmple
                0x000008e8                __aeabi_fcmpgt
                0x000008fc                __aeabi_fcmpge
 .text          0x00000910       0x30 /srv/gcc-arm-none-eabi-5_4-2016q3/bin/../lib/gcc/arm-none-eabi/5.4.1/armv6-m/libgcc.a(_fixunssfsi.o)
                0x00000910                __aeabi_f2uiz
                0x00000910                __fixunssfsi
 .text          0x00000940      0x234 /srv/gcc-arm-none-eabi-5_4-2016q3/bin/../lib/gcc/arm-none-eabi/5.4.1/armv6-m/libgcc.a(divsf3.o)
                0x00000940                __aeabi_fdiv
 .text          0x00000b74       0x50 /srv/gcc-arm-none-eabi-5_4-2016q3/bin/../lib/gcc/arm-none-eabi/5.4.1/armv6-m/libgcc.a(eqsf2.o)
                0x00000b74                __nesf2
                0x00000b74                __eqsf2
 .text          0x00000bc4       0x88 /srv/gcc-arm-none-eabi-5_4-2016q3/bin/../lib/gcc/arm-none-eabi/5.4.1/armv6-m/libgcc.a(gesf2.o)
                0x00000bc4                __gtsf2
                0x00000bc4                __gesf2
 .text          0x00000c4c       0x88 /srv/gcc-arm-none-eabi-5_4-2016q3/bin/../lib/gcc/arm-none-eabi/5.4.1/armv6-m/libgcc.a(lesf2.o)
                0x00000c4c                __lesf2
                0x00000c4c                __ltsf2
 .text          0x00000cd4      0x228 /srv/gcc-arm-none-eabi-5_4-2016q3/bin/../lib/gcc/arm-none-eabi/5.4.1/armv6-m/libgcc.a(mulsf3.o)
                0x00000cd4                __aeabi_fmul
 .text          0x00000efc      0x30c /srv/gcc-arm-none-eabi-5_4-2016q3/bin/../lib/gcc/arm-none-eabi/5.4.1/armv6-m/libgcc.a(subsf3.o)
                0x00000efc                __aeabi_fsub
 .text          0x00001208       0x44 /srv/gcc-arm-none-eabi-5_4-2016q3/bin/../lib/gcc/arm-none-eabi/5.4.1/armv6-m/libgcc.a(fixsfsi.o)
                0x00001208                __aeabi_f2iz
 .text          0x0000124c       0x7c /srv/gcc-arm-none-eabi-5_4-2016q3/bin/../lib/gcc/arm-none-eabi/5.4.1/armv6-m/libgcc.a(floatunsisf.o)
                0x0000124c                __aeabi_ui2f
 .text          0x000012c8       0x3c /srv/gcc-arm-none-eabi-5_4-2016q3/bin/../lib/gcc/arm-none-eabi/5.4.1/armv6-m/libgcc.a(_clzsi2.o)
                0x000012c8                __clzsi2
 *(.text.*)
                0x00001304                . = ALIGN (0x4)
 *(.rodata)
 .rodata        0x00001304       0x80 /srv/gcc-arm-none-eabi-5_4-2016q3/bin/../lib/gcc/arm-none-eabi/5.4.1/armv6-m/libgcc.a(divsf3.o)
 .rodata        0x00001384       0x40 /srv/gcc-arm-none-eabi-5_4-2016q3/bin/../lib/gcc/arm-none-eabi/5.4.1/armv6-m/libgcc.a(mulsf3.o)
 *(.rodata.*)
                0x000013c4                . = ALIGN (0x4)
                0x000013c4                _etext = .

.glue_7         0x000013c4        0x0
 .glue_7        0x000013c4        0x0 linker stubs

.glue_7t        0x000013c4        0x0
 .glue_7t       0x000013c4        0x0 linker stubs

.vfp11_veneer   0x000013c4        0x0
 .vfp11_veneer  0x000013c4        0x0 linker stubs

.v4_bx          0x000013c4        0x0
 .v4_bx         0x000013c4        0x0 linker stubs

.iplt           0x000013c4        0x0
 .iplt          0x000013c4        0x0 ./code/crt.o

.rel.dyn        0x000013c4        0x0
 .rel.iplt      0x000013c4        0x0 ./code/crt.o

.data           0x000013c4       0x18
                0x000013c4                . = ALIGN (0x4)
                0x000013c4                _sdata = .
 *(.data)
 .data          0x000013c4        0x0 ./code/crt.o
 .data          0x000013c4        0x0 ./code/vectors_designstart.o
 .data          0x000013c4       0x18 ./code/main.o
                0x000013c4                DEBUG
                0x000013c8                OLED
                0x000013cc                SEGMENT
                0x000013d0                TIMER
                0x000013d4                SENSOR
                0x000013d8                BUTTON
 .data          0x000013dc        0x0 /srv/gcc-arm-none-eabi-5_4-2016q3/bin/../lib/gcc/arm-none-eabi/5.4.1/armv6-m/libgcc.a(_udivsi3.o)
 .data          0x000013dc        0x0 /srv/gcc-arm-none-eabi-5_4-2016q3/bin/../lib/gcc/arm-none-eabi/5.4.1/armv6-m/libgcc.a(_dvmd_tls.o)
 .data          0x000013dc        0x0 /srv/gcc-arm-none-eabi-5_4-2016q3/bin/../lib/gcc/arm-none-eabi/5.4.1/armv6-m/libgcc.a(_arm_cmpsf2.o)
 .data          0x000013dc        0x0 /srv/gcc-arm-none-eabi-5_4-2016q3/bin/../lib/gcc/arm-none-eabi/5.4.1/armv6-m/libgcc.a(_fixunssfsi.o)
 .data          0x000013dc        0x0 /srv/gcc-arm-none-eabi-5_4-2016q3/bin/../lib/gcc/arm-none-eabi/5.4.1/armv6-m/libgcc.a(divsf3.o)
 .data          0x000013dc        0x0 /srv/gcc-arm-none-eabi-5_4-2016q3/bin/../lib/gcc/arm-none-eabi/5.4.1/armv6-m/libgcc.a(eqsf2.o)
 .data          0x000013dc        0x0 /srv/gcc-arm-none-eabi-5_4-2016q3/bin/../lib/gcc/arm-none-eabi/5.4.1/armv6-m/libgcc.a(gesf2.o)
 .data          0x000013dc        0x0 /srv/gcc-arm-none-eabi-5_4-2016q3/bin/../lib/gcc/arm-none-eabi/5.4.1/armv6-m/libgcc.a(lesf2.o)
 .data          0x000013dc        0x0 /srv/gcc-arm-none-eabi-5_4-2016q3/bin/../lib/gcc/arm-none-eabi/5.4.1/armv6-m/libgcc.a(mulsf3.o)
 .data          0x000013dc        0x0 /srv/gcc-arm-none-eabi-5_4-2016q3/bin/../lib/gcc/arm-none-eabi/5.4.1/armv6-m/libgcc.a(subsf3.o)
 .data          0x000013dc        0x0 /srv/gcc-arm-none-eabi-5_4-2016q3/bin/../lib/gcc/arm-none-eabi/5.4.1/armv6-m/libgcc.a(fixsfsi.o)
 .data          0x000013dc        0x0 /srv/gcc-arm-none-eabi-5_4-2016q3/bin/../lib/gcc/arm-none-eabi/5.4.1/armv6-m/libgcc.a(floatunsisf.o)
 .data          0x000013dc        0x0 /srv/gcc-arm-none-eabi-5_4-2016q3/bin/../lib/gcc/arm-none-eabi/5.4.1/armv6-m/libgcc.a(_clzsi2.o)
 *(.data.*)
                0x000013dc                . = ALIGN (0x4)
 *(.fastrun)
 *(.fastrun.*)
                0x000013dc                . = ALIGN (0x4)
                0x000013dc                _edata = .

.igot.plt       0x000013dc        0x0
 .igot.plt      0x000013dc        0x0 ./code/crt.o

.bss            0x20000000       0x58
                0x20000000                . = ALIGN (0x4)
                0x20000000                _sbss = .
 *(.bss)
 .bss           0x20000000        0x0 ./code/crt.o
 .bss           0x20000000        0x0 ./code/vectors_designstart.o
 .bss           0x20000000        0x0 ./code/main.o
 .bss           0x20000000        0x0 /srv/gcc-arm-none-eabi-5_4-2016q3/bin/../lib/gcc/arm-none-eabi/5.4.1/armv6-m/libgcc.a(_udivsi3.o)
 .bss           0x20000000        0x0 /srv/gcc-arm-none-eabi-5_4-2016q3/bin/../lib/gcc/arm-none-eabi/5.4.1/armv6-m/libgcc.a(_dvmd_tls.o)
 .bss           0x20000000        0x0 /srv/gcc-arm-none-eabi-5_4-2016q3/bin/../lib/gcc/arm-none-eabi/5.4.1/armv6-m/libgcc.a(_arm_cmpsf2.o)
 .bss           0x20000000        0x0 /srv/gcc-arm-none-eabi-5_4-2016q3/bin/../lib/gcc/arm-none-eabi/5.4.1/armv6-m/libgcc.a(_fixunssfsi.o)
 .bss           0x20000000        0x0 /srv/gcc-arm-none-eabi-5_4-2016q3/bin/../lib/gcc/arm-none-eabi/5.4.1/armv6-m/libgcc.a(divsf3.o)
 .bss           0x20000000        0x0 /srv/gcc-arm-none-eabi-5_4-2016q3/bin/../lib/gcc/arm-none-eabi/5.4.1/armv6-m/libgcc.a(eqsf2.o)
 .bss           0x20000000        0x0 /srv/gcc-arm-none-eabi-5_4-2016q3/bin/../lib/gcc/arm-none-eabi/5.4.1/armv6-m/libgcc.a(gesf2.o)
 .bss           0x20000000        0x0 /srv/gcc-arm-none-eabi-5_4-2016q3/bin/../lib/gcc/arm-none-eabi/5.4.1/armv6-m/libgcc.a(lesf2.o)
 .bss           0x20000000        0x0 /srv/gcc-arm-none-eabi-5_4-2016q3/bin/../lib/gcc/arm-none-eabi/5.4.1/armv6-m/libgcc.a(mulsf3.o)
 .bss           0x20000000        0x0 /srv/gcc-arm-none-eabi-5_4-2016q3/bin/../lib/gcc/arm-none-eabi/5.4.1/armv6-m/libgcc.a(subsf3.o)
 .bss           0x20000000        0x0 /srv/gcc-arm-none-eabi-5_4-2016q3/bin/../lib/gcc/arm-none-eabi/5.4.1/armv6-m/libgcc.a(fixsfsi.o)
 .bss           0x20000000        0x0 /srv/gcc-arm-none-eabi-5_4-2016q3/bin/../lib/gcc/arm-none-eabi/5.4.1/armv6-m/libgcc.a(floatunsisf.o)
 .bss           0x20000000        0x0 /srv/gcc-arm-none-eabi-5_4-2016q3/bin/../lib/gcc/arm-none-eabi/5.4.1/armv6-m/libgcc.a(_clzsi2.o)
 *(.bss.*)
                0x20000000                . = ALIGN (0x4)
 COMMON         0x20000000       0x58 ./code/main.o
                0x20000000                wheel
                0x20000004                time_h
                0x20000008                now_time
                0x2000000c                max_speed
                0x20000010                distance
                0x20000014                switchDisplay
                0x20000018                post_time
                0x2000001c                time_m
                0x20000020                mode
                0x20000024                cadence
                0x20000028                total_distance_f
                0x2000002c                post_distance
                0x20000030                speed_b
                0x20000034                speed_red
                0x20000038                time
                0x2000003c                speed_f
                0x20000040                total_distance
                0x20000044                speed
                0x20000048                total_distance_b
                0x2000004c                isNight
                0x20000050                bike_fork
                0x20000054                crank
                0x20000058                _ebss = .
                0x20000100                _estack = (ORIGIN (RAM) + LENGTH (RAM))

/DISCARD/
 *(.ARM.exidx*)
OUTPUT(test_designstart.elf elf32-littlearm)

.debug_info     0x00000000      0x8fe
 .debug_info    0x00000000       0xcb ./code/crt.o
 .debug_info    0x000000cb      0x297 ./code/vectors_designstart.o
 .debug_info    0x00000362      0x59c ./code/main.o

.debug_abbrev   0x00000000      0x23c
 .debug_abbrev  0x00000000       0x7a ./code/crt.o
 .debug_abbrev  0x0000007a       0x82 ./code/vectors_designstart.o
 .debug_abbrev  0x000000fc      0x140 ./code/main.o

.debug_loc      0x00000000      0x17c
 .debug_loc     0x00000000       0x2c ./code/crt.o
 .debug_loc     0x0000002c      0x150 ./code/main.o

.debug_aranges  0x00000000       0x60
 .debug_aranges
                0x00000000       0x20 ./code/crt.o
 .debug_aranges
                0x00000020       0x20 ./code/vectors_designstart.o
 .debug_aranges
                0x00000040       0x20 ./code/main.o

.debug_line     0x00000000      0x32a
 .debug_line    0x00000000       0xe1 ./code/crt.o
 .debug_line    0x000000e1       0xe6 ./code/vectors_designstart.o
 .debug_line    0x000001c7      0x163 ./code/main.o

.debug_str      0x00000000      0x580
 .debug_str     0x00000000      0x14e ./code/crt.o
                                0x18b (size before relaxing)
 .debug_str     0x0000014e      0x1e0 ./code/vectors_designstart.o
                                0x2bb (size before relaxing)
 .debug_str     0x0000032e      0x252 ./code/main.o
                                0x39d (size before relaxing)

.comment        0x00000000       0x6e
 .comment       0x00000000       0x6e ./code/crt.o
                                 0x6f (size before relaxing)
 .comment       0x0000006e       0x6f ./code/vectors_designstart.o
 .comment       0x0000006e       0x6f ./code/main.o

.ARM.attributes
                0x00000000       0x31
 .ARM.attributes
                0x00000000       0x31 ./code/crt.o
 .ARM.attributes
                0x00000031       0x31 ./code/vectors_designstart.o
 .ARM.attributes
                0x00000062       0x31 ./code/main.o
 .ARM.attributes
                0x00000093       0x1e /srv/gcc-arm-none-eabi-5_4-2016q3/bin/../lib/gcc/arm-none-eabi/5.4.1/armv6-m/libgcc.a(_udivsi3.o)
 .ARM.attributes
                0x000000b1       0x1e /srv/gcc-arm-none-eabi-5_4-2016q3/bin/../lib/gcc/arm-none-eabi/5.4.1/armv6-m/libgcc.a(_dvmd_tls.o)
 .ARM.attributes
                0x000000cf       0x1e /srv/gcc-arm-none-eabi-5_4-2016q3/bin/../lib/gcc/arm-none-eabi/5.4.1/armv6-m/libgcc.a(_arm_cmpsf2.o)
 .ARM.attributes
                0x000000ed       0x2c /srv/gcc-arm-none-eabi-5_4-2016q3/bin/../lib/gcc/arm-none-eabi/5.4.1/armv6-m/libgcc.a(_fixunssfsi.o)
 .ARM.attributes
                0x00000119       0x2c /srv/gcc-arm-none-eabi-5_4-2016q3/bin/../lib/gcc/arm-none-eabi/5.4.1/armv6-m/libgcc.a(divsf3.o)
 .ARM.attributes
                0x00000145       0x2c /srv/gcc-arm-none-eabi-5_4-2016q3/bin/../lib/gcc/arm-none-eabi/5.4.1/armv6-m/libgcc.a(eqsf2.o)
 .ARM.attributes
                0x00000171       0x2c /srv/gcc-arm-none-eabi-5_4-2016q3/bin/../lib/gcc/arm-none-eabi/5.4.1/armv6-m/libgcc.a(gesf2.o)
 .ARM.attributes
                0x0000019d       0x2c /srv/gcc-arm-none-eabi-5_4-2016q3/bin/../lib/gcc/arm-none-eabi/5.4.1/armv6-m/libgcc.a(lesf2.o)
 .ARM.attributes
                0x000001c9       0x2c /srv/gcc-arm-none-eabi-5_4-2016q3/bin/../lib/gcc/arm-none-eabi/5.4.1/armv6-m/libgcc.a(mulsf3.o)
 .ARM.attributes
                0x000001f5       0x2c /srv/gcc-arm-none-eabi-5_4-2016q3/bin/../lib/gcc/arm-none-eabi/5.4.1/armv6-m/libgcc.a(subsf3.o)
 .ARM.attributes
                0x00000221       0x2c /srv/gcc-arm-none-eabi-5_4-2016q3/bin/../lib/gcc/arm-none-eabi/5.4.1/armv6-m/libgcc.a(fixsfsi.o)
 .ARM.attributes
                0x0000024d       0x2c /srv/gcc-arm-none-eabi-5_4-2016q3/bin/../lib/gcc/arm-none-eabi/5.4.1/armv6-m/libgcc.a(floatunsisf.o)
 .ARM.attributes
                0x00000279       0x1e /srv/gcc-arm-none-eabi-5_4-2016q3/bin/../lib/gcc/arm-none-eabi/5.4.1/armv6-m/libgcc.a(_clzsi2.o)

.debug_frame    0x00000000      0x564
 .debug_frame   0x00000000       0x2c ./code/crt.o
 .debug_frame   0x0000002c      0x1b0 ./code/vectors_designstart.o
 .debug_frame   0x000001dc      0x1c4 ./code/main.o
 .debug_frame   0x000003a0       0x20 /srv/gcc-arm-none-eabi-5_4-2016q3/bin/../lib/gcc/arm-none-eabi/5.4.1/armv6-m/libgcc.a(_udivsi3.o)
 .debug_frame   0x000003c0       0x28 /srv/gcc-arm-none-eabi-5_4-2016q3/bin/../lib/gcc/arm-none-eabi/5.4.1/armv6-m/libgcc.a(_fixunssfsi.o)
 .debug_frame   0x000003e8       0x3c /srv/gcc-arm-none-eabi-5_4-2016q3/bin/../lib/gcc/arm-none-eabi/5.4.1/armv6-m/libgcc.a(divsf3.o)
 .debug_frame   0x00000424       0x2c /srv/gcc-arm-none-eabi-5_4-2016q3/bin/../lib/gcc/arm-none-eabi/5.4.1/armv6-m/libgcc.a(eqsf2.o)
 .debug_frame   0x00000450       0x30 /srv/gcc-arm-none-eabi-5_4-2016q3/bin/../lib/gcc/arm-none-eabi/5.4.1/armv6-m/libgcc.a(gesf2.o)
 .debug_frame   0x00000480       0x30 /srv/gcc-arm-none-eabi-5_4-2016q3/bin/../lib/gcc/arm-none-eabi/5.4.1/armv6-m/libgcc.a(lesf2.o)
 .debug_frame   0x000004b0       0x38 /srv/gcc-arm-none-eabi-5_4-2016q3/bin/../lib/gcc/arm-none-eabi/5.4.1/armv6-m/libgcc.a(mulsf3.o)
 .debug_frame   0x000004e8       0x30 /srv/gcc-arm-none-eabi-5_4-2016q3/bin/../lib/gcc/arm-none-eabi/5.4.1/armv6-m/libgcc.a(subsf3.o)
 .debug_frame   0x00000518       0x20 /srv/gcc-arm-none-eabi-5_4-2016q3/bin/../lib/gcc/arm-none-eabi/5.4.1/armv6-m/libgcc.a(fixsfsi.o)
 .debug_frame   0x00000538       0x2c /srv/gcc-arm-none-eabi-5_4-2016q3/bin/../lib/gcc/arm-none-eabi/5.4.1/armv6-m/libgcc.a(floatunsisf.o)

Cross Reference Table

Symbol                                            File
ADC_IRQHandler                                    ./code/vectors_designstart.o
BOD_IRQHandler                                    ./code/vectors_designstart.o
BUTTON                                            ./code/main.o
BusFault_Handler                                  ./code/vectors_designstart.o
CT16B0_IRQHandler                                 ./code/vectors_designstart.o
CT16B1_IRQHandler                                 ./code/vectors_designstart.o
CT32B0_IRQHandler                                 ./code/vectors_designstart.o
CT32B1_IRQHandler                                 ./code/vectors_designstart.o
C_CAN_IRQHandler                                  ./code/vectors_designstart.o
DEBUG                                             ./code/main.o
DebugMon_Handler                                  ./code/vectors_designstart.o
HardFault_Handler                                 ./code/vectors_designstart.o
I2C_IRQHandler                                    ./code/vectors_designstart.o
MemManage_Handler                                 ./code/vectors_designstart.o
NMI_Handler                                       ./code/vectors_designstart.o
OLED                                              ./code/main.o
PIO_0_IRQHandler                                  ./code/vectors_designstart.o
PIO_1_IRQHandler                                  ./code/vectors_designstart.o
PIO_2_IRQHandler                                  ./code/vectors_designstart.o
PIO_3_IRQHandler                                  ./code/vectors_designstart.o
PendSV_Handler                                    ./code/vectors_designstart.o
ResetHandler                                      ./code/crt.o
                                                  ./code/vectors_designstart.o
SEGMENT                                           ./code/main.o
SENSOR                                            ./code/main.o
SSP0_IRQHandler                                   ./code/vectors_designstart.o
SSP1_IRQHandler                                   ./code/vectors_designstart.o
SVC_Handler                                       ./code/vectors_designstart.o
SysTick_Handler                                   ./code/vectors_designstart.o
TIMER                                             ./code/main.o
UART_IRQHandler                                   ./code/vectors_designstart.o
UsageFault_Handler                                ./code/vectors_designstart.o
WAKEUP_IRQHandler                                 ./code/vectors_designstart.o
WDT_IRQHandler                                    ./code/vectors_designstart.o
__aeabi_cfcmpeq                                   /srv/gcc-arm-none-eabi-5_4-2016q3/bin/../lib/gcc/arm-none-eabi/5.4.1/armv6-m/libgcc.a(_arm_cmpsf2.o)
__aeabi_cfcmple                                   /srv/gcc-arm-none-eabi-5_4-2016q3/bin/../lib/gcc/arm-none-eabi/5.4.1/armv6-m/libgcc.a(_arm_cmpsf2.o)
__aeabi_cfrcmple                                  /srv/gcc-arm-none-eabi-5_4-2016q3/bin/../lib/gcc/arm-none-eabi/5.4.1/armv6-m/libgcc.a(_arm_cmpsf2.o)
__aeabi_f2iz                                      /srv/gcc-arm-none-eabi-5_4-2016q3/bin/../lib/gcc/arm-none-eabi/5.4.1/armv6-m/libgcc.a(fixsfsi.o)
                                                  /srv/gcc-arm-none-eabi-5_4-2016q3/bin/../lib/gcc/arm-none-eabi/5.4.1/armv6-m/libgcc.a(_fixunssfsi.o)
__aeabi_f2uiz                                     /srv/gcc-arm-none-eabi-5_4-2016q3/bin/../lib/gcc/arm-none-eabi/5.4.1/armv6-m/libgcc.a(_fixunssfsi.o)
                                                  ./code/main.o
__aeabi_fcmpeq                                    /srv/gcc-arm-none-eabi-5_4-2016q3/bin/../lib/gcc/arm-none-eabi/5.4.1/armv6-m/libgcc.a(_arm_cmpsf2.o)
__aeabi_fcmpge                                    /srv/gcc-arm-none-eabi-5_4-2016q3/bin/../lib/gcc/arm-none-eabi/5.4.1/armv6-m/libgcc.a(_arm_cmpsf2.o)
                                                  /srv/gcc-arm-none-eabi-5_4-2016q3/bin/../lib/gcc/arm-none-eabi/5.4.1/armv6-m/libgcc.a(_fixunssfsi.o)
__aeabi_fcmpgt                                    /srv/gcc-arm-none-eabi-5_4-2016q3/bin/../lib/gcc/arm-none-eabi/5.4.1/armv6-m/libgcc.a(_arm_cmpsf2.o)
                                                  ./code/main.o
__aeabi_fcmple                                    /srv/gcc-arm-none-eabi-5_4-2016q3/bin/../lib/gcc/arm-none-eabi/5.4.1/armv6-m/libgcc.a(_arm_cmpsf2.o)
__aeabi_fcmplt                                    /srv/gcc-arm-none-eabi-5_4-2016q3/bin/../lib/gcc/arm-none-eabi/5.4.1/armv6-m/libgcc.a(_arm_cmpsf2.o)
                                                  ./code/main.o
__aeabi_fdiv                                      /srv/gcc-arm-none-eabi-5_4-2016q3/bin/../lib/gcc/arm-none-eabi/5.4.1/armv6-m/libgcc.a(divsf3.o)
                                                  ./code/main.o
__aeabi_fmul                                      /srv/gcc-arm-none-eabi-5_4-2016q3/bin/../lib/gcc/arm-none-eabi/5.4.1/armv6-m/libgcc.a(mulsf3.o)
                                                  ./code/main.o
__aeabi_fsub                                      /srv/gcc-arm-none-eabi-5_4-2016q3/bin/../lib/gcc/arm-none-eabi/5.4.1/armv6-m/libgcc.a(subsf3.o)
                                                  /srv/gcc-arm-none-eabi-5_4-2016q3/bin/../lib/gcc/arm-none-eabi/5.4.1/armv6-m/libgcc.a(_fixunssfsi.o)
                                                  ./code/main.o
__aeabi_idiv0                                     /srv/gcc-arm-none-eabi-5_4-2016q3/bin/../lib/gcc/arm-none-eabi/5.4.1/armv6-m/libgcc.a(_dvmd_tls.o)
                                                  /srv/gcc-arm-none-eabi-5_4-2016q3/bin/../lib/gcc/arm-none-eabi/5.4.1/armv6-m/libgcc.a(_udivsi3.o)
__aeabi_ldiv0                                     /srv/gcc-arm-none-eabi-5_4-2016q3/bin/../lib/gcc/arm-none-eabi/5.4.1/armv6-m/libgcc.a(_dvmd_tls.o)
__aeabi_ui2f                                      /srv/gcc-arm-none-eabi-5_4-2016q3/bin/../lib/gcc/arm-none-eabi/5.4.1/armv6-m/libgcc.a(floatunsisf.o)
                                                  ./code/main.o
__aeabi_uidiv                                     /srv/gcc-arm-none-eabi-5_4-2016q3/bin/../lib/gcc/arm-none-eabi/5.4.1/armv6-m/libgcc.a(_udivsi3.o)
                                                  ./code/main.o
__aeabi_uidivmod                                  /srv/gcc-arm-none-eabi-5_4-2016q3/bin/../lib/gcc/arm-none-eabi/5.4.1/armv6-m/libgcc.a(_udivsi3.o)
                                                  ./code/main.o
__clzsi2                                          /srv/gcc-arm-none-eabi-5_4-2016q3/bin/../lib/gcc/arm-none-eabi/5.4.1/armv6-m/libgcc.a(_clzsi2.o)
                                                  /srv/gcc-arm-none-eabi-5_4-2016q3/bin/../lib/gcc/arm-none-eabi/5.4.1/armv6-m/libgcc.a(floatunsisf.o)
                                                  /srv/gcc-arm-none-eabi-5_4-2016q3/bin/../lib/gcc/arm-none-eabi/5.4.1/armv6-m/libgcc.a(subsf3.o)
                                                  /srv/gcc-arm-none-eabi-5_4-2016q3/bin/../lib/gcc/arm-none-eabi/5.4.1/armv6-m/libgcc.a(mulsf3.o)
                                                  /srv/gcc-arm-none-eabi-5_4-2016q3/bin/../lib/gcc/arm-none-eabi/5.4.1/armv6-m/libgcc.a(divsf3.o)
__eqsf2                                           /srv/gcc-arm-none-eabi-5_4-2016q3/bin/../lib/gcc/arm-none-eabi/5.4.1/armv6-m/libgcc.a(eqsf2.o)
                                                  /srv/gcc-arm-none-eabi-5_4-2016q3/bin/../lib/gcc/arm-none-eabi/5.4.1/armv6-m/libgcc.a(_arm_cmpsf2.o)
__fixunssfsi                                      /srv/gcc-arm-none-eabi-5_4-2016q3/bin/../lib/gcc/arm-none-eabi/5.4.1/armv6-m/libgcc.a(_fixunssfsi.o)
__gesf2                                           /srv/gcc-arm-none-eabi-5_4-2016q3/bin/../lib/gcc/arm-none-eabi/5.4.1/armv6-m/libgcc.a(gesf2.o)
                                                  /srv/gcc-arm-none-eabi-5_4-2016q3/bin/../lib/gcc/arm-none-eabi/5.4.1/armv6-m/libgcc.a(_arm_cmpsf2.o)
__gtsf2                                           /srv/gcc-arm-none-eabi-5_4-2016q3/bin/../lib/gcc/arm-none-eabi/5.4.1/armv6-m/libgcc.a(gesf2.o)
__lesf2                                           /srv/gcc-arm-none-eabi-5_4-2016q3/bin/../lib/gcc/arm-none-eabi/5.4.1/armv6-m/libgcc.a(lesf2.o)
                                                  /srv/gcc-arm-none-eabi-5_4-2016q3/bin/../lib/gcc/arm-none-eabi/5.4.1/armv6-m/libgcc.a(_arm_cmpsf2.o)
__ltsf2                                           /srv/gcc-arm-none-eabi-5_4-2016q3/bin/../lib/gcc/arm-none-eabi/5.4.1/armv6-m/libgcc.a(lesf2.o)
__nesf2                                           /srv/gcc-arm-none-eabi-5_4-2016q3/bin/../lib/gcc/arm-none-eabi/5.4.1/armv6-m/libgcc.a(eqsf2.o)
__udivsi3                                         /srv/gcc-arm-none-eabi-5_4-2016q3/bin/../lib/gcc/arm-none-eabi/5.4.1/armv6-m/libgcc.a(_udivsi3.o)
_ebss                                             ./code/crt.o
_estack                                           ./code/vectors_designstart.o
_sbss                                             ./code/crt.o
bike_fork                                         ./code/main.o
cadence                                           ./code/main.o
check_button                                      ./code/main.o
check_speed                                       ./code/main.o
clear_fork                                        ./code/main.o
clear_timer_long                                  ./code/main.o
crank                                             ./code/main.o
display_segment                                   ./code/main.o
distance                                          ./code/main.o
gVectors                                          ./code/vectors_designstart.o
get_cadence                                       ./code/main.o
get_distance                                      ./code/main.o
get_speed                                         ./code/main.o
initiate                                          ./code/main.o
isNight                                           ./code/main.o
main                                              ./code/main.o
                                                  ./code/crt.o
max_speed                                         ./code/main.o
mode                                              ./code/main.o
now_time                                          ./code/main.o
post_distance                                     ./code/main.o
post_time                                         ./code/main.o
press_d_mode                                      ./code/main.o
press_mode                                        ./code/main.o
press_trip                                        ./code/main.o
read_crank                                        ./code/main.o
read_fork                                         ./code/main.o
read_time_long                                    ./code/main.o
read_time_short                                   ./code/main.o
setting                                           ./code/main.o
speed                                             ./code/main.o
speed_b                                           ./code/main.o
speed_f                                           ./code/main.o
speed_red                                         ./code/main.o
switchDisplay                                     ./code/main.o
time                                              ./code/main.o
time_h                                            ./code/main.o
time_m                                            ./code/main.o
time_up                                           ./code/main.o
total_distance                                    ./code/main.o
total_distance_b                                  ./code/main.o
total_distance_f                                  ./code/main.o
wait_for_press                                    ./code/main.o
wait_for_setting                                  ./code/main.o
wheel                                             ./code/main.o
