Archive member included to satisfy reference by file (symbol)

/srv/gcc-arm-none-eabi-5_4-2016q3/bin/../lib/gcc/arm-none-eabi/5.4.1/armv6-m/libgcc.a(_udivsi3.o)
                              ./code/main.o (__aeabi_uidiv)
/srv/gcc-arm-none-eabi-5_4-2016q3/bin/../lib/gcc/arm-none-eabi/5.4.1/armv6-m/libgcc.a(_divsi3.o)
                              ./code/main.o (__aeabi_idivmod)
/srv/gcc-arm-none-eabi-5_4-2016q3/bin/../lib/gcc/arm-none-eabi/5.4.1/armv6-m/libgcc.a(_dvmd_tls.o)
                              /srv/gcc-arm-none-eabi-5_4-2016q3/bin/../lib/gcc/arm-none-eabi/5.4.1/armv6-m/libgcc.a(_udivsi3.o) (__aeabi_idiv0)
/srv/gcc-arm-none-eabi-5_4-2016q3/bin/../lib/gcc/arm-none-eabi/5.4.1/armv6-m/libgcc.a(_arm_cmpdf2.o)
                              ./code/main.o (__aeabi_dcmpgt)
/srv/gcc-arm-none-eabi-5_4-2016q3/bin/../lib/gcc/arm-none-eabi/5.4.1/armv6-m/libgcc.a(_arm_cmpsf2.o)
                              ./code/main.o (__aeabi_fcmpeq)
/srv/gcc-arm-none-eabi-5_4-2016q3/bin/../lib/gcc/arm-none-eabi/5.4.1/armv6-m/libgcc.a(_fixunssfsi.o)
                              ./code/main.o (__aeabi_f2uiz)
/srv/gcc-arm-none-eabi-5_4-2016q3/bin/../lib/gcc/arm-none-eabi/5.4.1/armv6-m/libgcc.a(addsf3.o)
                              ./code/main.o (__aeabi_fadd)
/srv/gcc-arm-none-eabi-5_4-2016q3/bin/../lib/gcc/arm-none-eabi/5.4.1/armv6-m/libgcc.a(divsf3.o)
                              ./code/main.o (__aeabi_fdiv)
/srv/gcc-arm-none-eabi-5_4-2016q3/bin/../lib/gcc/arm-none-eabi/5.4.1/armv6-m/libgcc.a(eqsf2.o)
                              /srv/gcc-arm-none-eabi-5_4-2016q3/bin/../lib/gcc/arm-none-eabi/5.4.1/armv6-m/libgcc.a(_arm_cmpsf2.o) (__eqsf2)
/srv/gcc-arm-none-eabi-5_4-2016q3/bin/../lib/gcc/arm-none-eabi/5.4.1/armv6-m/libgcc.a(gesf2.o)
                              /srv/gcc-arm-none-eabi-5_4-2016q3/bin/../lib/gcc/arm-none-eabi/5.4.1/armv6-m/libgcc.a(_arm_cmpsf2.o) (__gesf2)
/srv/gcc-arm-none-eabi-5_4-2016q3/bin/../lib/gcc/arm-none-eabi/5.4.1/armv6-m/libgcc.a(lesf2.o)
                              /srv/gcc-arm-none-eabi-5_4-2016q3/bin/../lib/gcc/arm-none-eabi/5.4.1/armv6-m/libgcc.a(_arm_cmpsf2.o) (__lesf2)
/srv/gcc-arm-none-eabi-5_4-2016q3/bin/../lib/gcc/arm-none-eabi/5.4.1/armv6-m/libgcc.a(mulsf3.o)
                              ./code/main.o (__aeabi_fmul)
/srv/gcc-arm-none-eabi-5_4-2016q3/bin/../lib/gcc/arm-none-eabi/5.4.1/armv6-m/libgcc.a(subsf3.o)
                              ./code/main.o (__aeabi_fsub)
/srv/gcc-arm-none-eabi-5_4-2016q3/bin/../lib/gcc/arm-none-eabi/5.4.1/armv6-m/libgcc.a(fixsfsi.o)
                              /srv/gcc-arm-none-eabi-5_4-2016q3/bin/../lib/gcc/arm-none-eabi/5.4.1/armv6-m/libgcc.a(_fixunssfsi.o) (__aeabi_f2iz)
/srv/gcc-arm-none-eabi-5_4-2016q3/bin/../lib/gcc/arm-none-eabi/5.4.1/armv6-m/libgcc.a(floatunsisf.o)
                              ./code/main.o (__aeabi_ui2f)
/srv/gcc-arm-none-eabi-5_4-2016q3/bin/../lib/gcc/arm-none-eabi/5.4.1/armv6-m/libgcc.a(adddf3.o)
                              ./code/main.o (__aeabi_dadd)
/srv/gcc-arm-none-eabi-5_4-2016q3/bin/../lib/gcc/arm-none-eabi/5.4.1/armv6-m/libgcc.a(eqdf2.o)
                              /srv/gcc-arm-none-eabi-5_4-2016q3/bin/../lib/gcc/arm-none-eabi/5.4.1/armv6-m/libgcc.a(_arm_cmpdf2.o) (__eqdf2)
/srv/gcc-arm-none-eabi-5_4-2016q3/bin/../lib/gcc/arm-none-eabi/5.4.1/armv6-m/libgcc.a(gedf2.o)
                              /srv/gcc-arm-none-eabi-5_4-2016q3/bin/../lib/gcc/arm-none-eabi/5.4.1/armv6-m/libgcc.a(_arm_cmpdf2.o) (__gedf2)
/srv/gcc-arm-none-eabi-5_4-2016q3/bin/../lib/gcc/arm-none-eabi/5.4.1/armv6-m/libgcc.a(ledf2.o)
                              /srv/gcc-arm-none-eabi-5_4-2016q3/bin/../lib/gcc/arm-none-eabi/5.4.1/armv6-m/libgcc.a(_arm_cmpdf2.o) (__ledf2)
/srv/gcc-arm-none-eabi-5_4-2016q3/bin/../lib/gcc/arm-none-eabi/5.4.1/armv6-m/libgcc.a(extendsfdf2.o)
                              ./code/main.o (__aeabi_f2d)
/srv/gcc-arm-none-eabi-5_4-2016q3/bin/../lib/gcc/arm-none-eabi/5.4.1/armv6-m/libgcc.a(truncdfsf2.o)
                              ./code/main.o (__aeabi_d2f)
/srv/gcc-arm-none-eabi-5_4-2016q3/bin/../lib/gcc/arm-none-eabi/5.4.1/armv6-m/libgcc.a(_clzsi2.o)
                              /srv/gcc-arm-none-eabi-5_4-2016q3/bin/../lib/gcc/arm-none-eabi/5.4.1/armv6-m/libgcc.a(addsf3.o) (__clzsi2)

Memory Configuration

Name             Origin             Length             Attributes
ROM              0x00000000         0x00004000         xr
RAM              0x20000000         0x00000100         xrw
*default*        0x00000000         0xffffffff

Linker script and memory map

LOAD ./code/crt.o
LOAD ./code/vectors_designstart.o
LOAD ./code/main.o
START GROUP
LOAD /srv/gcc-arm-none-eabi-5_4-2016q3/bin/../lib/gcc/arm-none-eabi/5.4.1/armv6-m/libgcc.a
LOAD /srv/gcc-arm-none-eabi-5_4-2016q3/bin/../lib/gcc/arm-none-eabi/5.4.1/../../../../arm-none-eabi/lib/armv6-m/libc.a
END GROUP

.text           0x00000000     0x22f4
                0x00000000                _stext = .
 CREATE_OBJECT_SYMBOLS
 *(.vectors)
 .vectors       0x00000000       0xc0 ./code/vectors_designstart.o
                0x00000000                gVectors
 *(.text)
 .text          0x000000c0       0x2c ./code/crt.o
                0x000000c0                ResetHandler
 .text          0x000000ec       0x68 ./code/vectors_designstart.o
                0x000000ec                NMI_Handler
                0x000000f0                HardFault_Handler
                0x000000f4                MemManage_Handler
                0x000000f8                BusFault_Handler
                0x000000fc                UsageFault_Handler
                0x00000100                SVC_Handler
                0x00000104                DebugMon_Handler
                0x00000108                PendSV_Handler
                0x0000010c                SysTick_Handler
                0x00000110                WAKEUP_IRQHandler
                0x00000114                C_CAN_IRQHandler
                0x00000118                SSP1_IRQHandler
                0x0000011c                I2C_IRQHandler
                0x00000120                CT16B0_IRQHandler
                0x00000124                CT16B1_IRQHandler
                0x00000128                CT32B0_IRQHandler
                0x0000012c                CT32B1_IRQHandler
                0x00000130                SSP0_IRQHandler
                0x00000134                UART_IRQHandler
                0x00000138                ADC_IRQHandler
                0x0000013c                WDT_IRQHandler
                0x00000140                BOD_IRQHandler
                0x00000144                PIO_3_IRQHandler
                0x00000148                PIO_2_IRQHandler
                0x0000014c                PIO_1_IRQHandler
                0x00000150                PIO_0_IRQHandler
 .text          0x00000154      0x5f0 ./code/main.o
                0x00000154                setting
                0x0000016c                press_trip
                0x00000184                press_mode
                0x0000019c                press_d_mode
                0x000001b0                check_button
                0x000001c8                time_up
                0x000001e0                read_time_short
                0x000001f0                read_time_long
                0x00000200                read_crank
                0x00000210                read_fork
                0x00000220                clear_fork
                0x00000230                clear_timer_long
                0x00000240                display_segment
                0x00000270                int2bcd
                0x000002bc                wait_for_press
                0x000002d8                wait_for_wheel_girth
                0x000003f4                main
 .text          0x00000744      0x114 /srv/gcc-arm-none-eabi-5_4-2016q3/bin/../lib/gcc/arm-none-eabi/5.4.1/armv6-m/libgcc.a(_udivsi3.o)
                0x00000744                __udivsi3
                0x00000744                __aeabi_uidiv
                0x00000850                __aeabi_uidivmod
 .text          0x00000858      0x1d4 /srv/gcc-arm-none-eabi-5_4-2016q3/bin/../lib/gcc/arm-none-eabi/5.4.1/armv6-m/libgcc.a(_divsi3.o)
                0x00000858                __aeabi_idiv
                0x00000858                __divsi3
                0x00000a24                __aeabi_idivmod
 .text          0x00000a2c        0x4 /srv/gcc-arm-none-eabi-5_4-2016q3/bin/../lib/gcc/arm-none-eabi/5.4.1/armv6-m/libgcc.a(_dvmd_tls.o)
                0x00000a2c                __aeabi_ldiv0
                0x00000a2c                __aeabi_idiv0
 .text          0x00000a30       0x7c /srv/gcc-arm-none-eabi-5_4-2016q3/bin/../lib/gcc/arm-none-eabi/5.4.1/armv6-m/libgcc.a(_arm_cmpdf2.o)
                0x00000a30                __aeabi_cdrcmple
                0x00000a40                __aeabi_cdcmple
                0x00000a40                __aeabi_cdcmpeq
                0x00000a50                __aeabi_dcmpeq
                0x00000a5c                __aeabi_dcmplt
                0x00000a70                __aeabi_dcmple
                0x00000a84                __aeabi_dcmpgt
                0x00000a98                __aeabi_dcmpge
 .text          0x00000aac       0x74 /srv/gcc-arm-none-eabi-5_4-2016q3/bin/../lib/gcc/arm-none-eabi/5.4.1/armv6-m/libgcc.a(_arm_cmpsf2.o)
                0x00000aac                __aeabi_cfrcmple
                0x00000ab4                __aeabi_cfcmple
                0x00000ab4                __aeabi_cfcmpeq
                0x00000ac4                __aeabi_fcmpeq
                0x00000ad0                __aeabi_fcmplt
                0x00000ae4                __aeabi_fcmple
                0x00000af8                __aeabi_fcmpgt
                0x00000b0c                __aeabi_fcmpge
 .text          0x00000b20       0x30 /srv/gcc-arm-none-eabi-5_4-2016q3/bin/../lib/gcc/arm-none-eabi/5.4.1/armv6-m/libgcc.a(_fixunssfsi.o)
                0x00000b20                __aeabi_f2uiz
                0x00000b20                __fixunssfsi
 .text          0x00000b50      0x2ec /srv/gcc-arm-none-eabi-5_4-2016q3/bin/../lib/gcc/arm-none-eabi/5.4.1/armv6-m/libgcc.a(addsf3.o)
                0x00000b50                __aeabi_fadd
 .text          0x00000e3c      0x234 /srv/gcc-arm-none-eabi-5_4-2016q3/bin/../lib/gcc/arm-none-eabi/5.4.1/armv6-m/libgcc.a(divsf3.o)
                0x00000e3c                __aeabi_fdiv
 .text          0x00001070       0x50 /srv/gcc-arm-none-eabi-5_4-2016q3/bin/../lib/gcc/arm-none-eabi/5.4.1/armv6-m/libgcc.a(eqsf2.o)
                0x00001070                __nesf2
                0x00001070                __eqsf2
 .text          0x000010c0       0x88 /srv/gcc-arm-none-eabi-5_4-2016q3/bin/../lib/gcc/arm-none-eabi/5.4.1/armv6-m/libgcc.a(gesf2.o)
                0x000010c0                __gtsf2
                0x000010c0                __gesf2
 .text          0x00001148       0x88 /srv/gcc-arm-none-eabi-5_4-2016q3/bin/../lib/gcc/arm-none-eabi/5.4.1/armv6-m/libgcc.a(lesf2.o)
                0x00001148                __lesf2
                0x00001148                __ltsf2
 .text          0x000011d0      0x228 /srv/gcc-arm-none-eabi-5_4-2016q3/bin/../lib/gcc/arm-none-eabi/5.4.1/armv6-m/libgcc.a(mulsf3.o)
                0x000011d0                __aeabi_fmul
 .text          0x000013f8      0x30c /srv/gcc-arm-none-eabi-5_4-2016q3/bin/../lib/gcc/arm-none-eabi/5.4.1/armv6-m/libgcc.a(subsf3.o)
                0x000013f8                __aeabi_fsub
 .text          0x00001704       0x44 /srv/gcc-arm-none-eabi-5_4-2016q3/bin/../lib/gcc/arm-none-eabi/5.4.1/armv6-m/libgcc.a(fixsfsi.o)
                0x00001704                __aeabi_f2iz
 .text          0x00001748       0x7c /srv/gcc-arm-none-eabi-5_4-2016q3/bin/../lib/gcc/arm-none-eabi/5.4.1/armv6-m/libgcc.a(floatunsisf.o)
                0x00001748                __aeabi_ui2f
 .text          0x000017c4      0x658 /srv/gcc-arm-none-eabi-5_4-2016q3/bin/../lib/gcc/arm-none-eabi/5.4.1/armv6-m/libgcc.a(adddf3.o)
                0x000017c4                __aeabi_dadd
 .text          0x00001e1c       0x80 /srv/gcc-arm-none-eabi-5_4-2016q3/bin/../lib/gcc/arm-none-eabi/5.4.1/armv6-m/libgcc.a(eqdf2.o)
                0x00001e1c                __eqdf2
                0x00001e1c                __nedf2
 .text          0x00001e9c       0xc8 /srv/gcc-arm-none-eabi-5_4-2016q3/bin/../lib/gcc/arm-none-eabi/5.4.1/armv6-m/libgcc.a(gedf2.o)
                0x00001e9c                __gtdf2
                0x00001e9c                __gedf2
 .text          0x00001f64       0xd4 /srv/gcc-arm-none-eabi-5_4-2016q3/bin/../lib/gcc/arm-none-eabi/5.4.1/armv6-m/libgcc.a(ledf2.o)
                0x00001f64                __ltdf2
                0x00001f64                __ledf2
 .text          0x00002038       0xa8 /srv/gcc-arm-none-eabi-5_4-2016q3/bin/../lib/gcc/arm-none-eabi/5.4.1/armv6-m/libgcc.a(extendsfdf2.o)
                0x00002038                __aeabi_f2d
 .text          0x000020e0      0x118 /srv/gcc-arm-none-eabi-5_4-2016q3/bin/../lib/gcc/arm-none-eabi/5.4.1/armv6-m/libgcc.a(truncdfsf2.o)
                0x000020e0                __aeabi_d2f
 .text          0x000021f8       0x3c /srv/gcc-arm-none-eabi-5_4-2016q3/bin/../lib/gcc/arm-none-eabi/5.4.1/armv6-m/libgcc.a(_clzsi2.o)
                0x000021f8                __clzsi2
 *(.text.*)
                0x00002234                . = ALIGN (0x4)
 *(.rodata)
 .rodata        0x00002234       0x80 /srv/gcc-arm-none-eabi-5_4-2016q3/bin/../lib/gcc/arm-none-eabi/5.4.1/armv6-m/libgcc.a(divsf3.o)
 .rodata        0x000022b4       0x40 /srv/gcc-arm-none-eabi-5_4-2016q3/bin/../lib/gcc/arm-none-eabi/5.4.1/armv6-m/libgcc.a(mulsf3.o)
 *(.rodata.*)
                0x000022f4                . = ALIGN (0x4)
                0x000022f4                _etext = .

.glue_7         0x000022f4        0x0
 .glue_7        0x000022f4        0x0 linker stubs

.glue_7t        0x000022f4        0x0
 .glue_7t       0x000022f4        0x0 linker stubs

.vfp11_veneer   0x000022f4        0x0
 .vfp11_veneer  0x000022f4        0x0 linker stubs

.v4_bx          0x000022f4        0x0
 .v4_bx         0x000022f4        0x0 linker stubs

.iplt           0x000022f4        0x0
 .iplt          0x000022f4        0x0 ./code/crt.o

.rel.dyn        0x000022f4        0x0
 .rel.iplt      0x000022f4        0x0 ./code/crt.o

.data           0x000022f4       0x14
                0x000022f4                . = ALIGN (0x4)
                0x000022f4                _sdata = .
 *(.data)
 .data          0x000022f4        0x0 ./code/crt.o
 .data          0x000022f4        0x0 ./code/vectors_designstart.o
 .data          0x000022f4       0x14 ./code/main.o
                0x000022f4                OLED
                0x000022f8                SEGMENT
                0x000022fc                TIMER
                0x00002300                SENSOR
                0x00002304                BUTTON
 .data          0x00002308        0x0 /srv/gcc-arm-none-eabi-5_4-2016q3/bin/../lib/gcc/arm-none-eabi/5.4.1/armv6-m/libgcc.a(_udivsi3.o)
 .data          0x00002308        0x0 /srv/gcc-arm-none-eabi-5_4-2016q3/bin/../lib/gcc/arm-none-eabi/5.4.1/armv6-m/libgcc.a(_divsi3.o)
 .data          0x00002308        0x0 /srv/gcc-arm-none-eabi-5_4-2016q3/bin/../lib/gcc/arm-none-eabi/5.4.1/armv6-m/libgcc.a(_dvmd_tls.o)
 .data          0x00002308        0x0 /srv/gcc-arm-none-eabi-5_4-2016q3/bin/../lib/gcc/arm-none-eabi/5.4.1/armv6-m/libgcc.a(_arm_cmpdf2.o)
 .data          0x00002308        0x0 /srv/gcc-arm-none-eabi-5_4-2016q3/bin/../lib/gcc/arm-none-eabi/5.4.1/armv6-m/libgcc.a(_arm_cmpsf2.o)
 .data          0x00002308        0x0 /srv/gcc-arm-none-eabi-5_4-2016q3/bin/../lib/gcc/arm-none-eabi/5.4.1/armv6-m/libgcc.a(_fixunssfsi.o)
 .data          0x00002308        0x0 /srv/gcc-arm-none-eabi-5_4-2016q3/bin/../lib/gcc/arm-none-eabi/5.4.1/armv6-m/libgcc.a(addsf3.o)
 .data          0x00002308        0x0 /srv/gcc-arm-none-eabi-5_4-2016q3/bin/../lib/gcc/arm-none-eabi/5.4.1/armv6-m/libgcc.a(divsf3.o)
 .data          0x00002308        0x0 /srv/gcc-arm-none-eabi-5_4-2016q3/bin/../lib/gcc/arm-none-eabi/5.4.1/armv6-m/libgcc.a(eqsf2.o)
 .data          0x00002308        0x0 /srv/gcc-arm-none-eabi-5_4-2016q3/bin/../lib/gcc/arm-none-eabi/5.4.1/armv6-m/libgcc.a(gesf2.o)
 .data          0x00002308        0x0 /srv/gcc-arm-none-eabi-5_4-2016q3/bin/../lib/gcc/arm-none-eabi/5.4.1/armv6-m/libgcc.a(lesf2.o)
 .data          0x00002308        0x0 /srv/gcc-arm-none-eabi-5_4-2016q3/bin/../lib/gcc/arm-none-eabi/5.4.1/armv6-m/libgcc.a(mulsf3.o)
 .data          0x00002308        0x0 /srv/gcc-arm-none-eabi-5_4-2016q3/bin/../lib/gcc/arm-none-eabi/5.4.1/armv6-m/libgcc.a(subsf3.o)
 .data          0x00002308        0x0 /srv/gcc-arm-none-eabi-5_4-2016q3/bin/../lib/gcc/arm-none-eabi/5.4.1/armv6-m/libgcc.a(fixsfsi.o)
 .data          0x00002308        0x0 /srv/gcc-arm-none-eabi-5_4-2016q3/bin/../lib/gcc/arm-none-eabi/5.4.1/armv6-m/libgcc.a(floatunsisf.o)
 .data          0x00002308        0x0 /srv/gcc-arm-none-eabi-5_4-2016q3/bin/../lib/gcc/arm-none-eabi/5.4.1/armv6-m/libgcc.a(adddf3.o)
 .data          0x00002308        0x0 /srv/gcc-arm-none-eabi-5_4-2016q3/bin/../lib/gcc/arm-none-eabi/5.4.1/armv6-m/libgcc.a(eqdf2.o)
 .data          0x00002308        0x0 /srv/gcc-arm-none-eabi-5_4-2016q3/bin/../lib/gcc/arm-none-eabi/5.4.1/armv6-m/libgcc.a(gedf2.o)
 .data          0x00002308        0x0 /srv/gcc-arm-none-eabi-5_4-2016q3/bin/../lib/gcc/arm-none-eabi/5.4.1/armv6-m/libgcc.a(ledf2.o)
 .data          0x00002308        0x0 /srv/gcc-arm-none-eabi-5_4-2016q3/bin/../lib/gcc/arm-none-eabi/5.4.1/armv6-m/libgcc.a(extendsfdf2.o)
 .data          0x00002308        0x0 /srv/gcc-arm-none-eabi-5_4-2016q3/bin/../lib/gcc/arm-none-eabi/5.4.1/armv6-m/libgcc.a(truncdfsf2.o)
 .data          0x00002308        0x0 /srv/gcc-arm-none-eabi-5_4-2016q3/bin/../lib/gcc/arm-none-eabi/5.4.1/armv6-m/libgcc.a(_clzsi2.o)
 *(.data.*)
                0x00002308                . = ALIGN (0x4)
 *(.fastrun)
 *(.fastrun.*)
                0x00002308                . = ALIGN (0x4)
                0x00002308                _edata = .

.igot.plt       0x00002308        0x0
 .igot.plt      0x00002308        0x0 ./code/crt.o

.bss            0x20000000        0x0
                0x20000000                . = ALIGN (0x4)
                0x20000000                _sbss = .
 *(.bss)
 .bss           0x20000000        0x0 ./code/crt.o
 .bss           0x20000000        0x0 ./code/vectors_designstart.o
 .bss           0x20000000        0x0 ./code/main.o
 .bss           0x20000000        0x0 /srv/gcc-arm-none-eabi-5_4-2016q3/bin/../lib/gcc/arm-none-eabi/5.4.1/armv6-m/libgcc.a(_udivsi3.o)
 .bss           0x20000000        0x0 /srv/gcc-arm-none-eabi-5_4-2016q3/bin/../lib/gcc/arm-none-eabi/5.4.1/armv6-m/libgcc.a(_divsi3.o)
 .bss           0x20000000        0x0 /srv/gcc-arm-none-eabi-5_4-2016q3/bin/../lib/gcc/arm-none-eabi/5.4.1/armv6-m/libgcc.a(_dvmd_tls.o)
 .bss           0x20000000        0x0 /srv/gcc-arm-none-eabi-5_4-2016q3/bin/../lib/gcc/arm-none-eabi/5.4.1/armv6-m/libgcc.a(_arm_cmpdf2.o)
 .bss           0x20000000        0x0 /srv/gcc-arm-none-eabi-5_4-2016q3/bin/../lib/gcc/arm-none-eabi/5.4.1/armv6-m/libgcc.a(_arm_cmpsf2.o)
 .bss           0x20000000        0x0 /srv/gcc-arm-none-eabi-5_4-2016q3/bin/../lib/gcc/arm-none-eabi/5.4.1/armv6-m/libgcc.a(_fixunssfsi.o)
 .bss           0x20000000        0x0 /srv/gcc-arm-none-eabi-5_4-2016q3/bin/../lib/gcc/arm-none-eabi/5.4.1/armv6-m/libgcc.a(addsf3.o)
 .bss           0x20000000        0x0 /srv/gcc-arm-none-eabi-5_4-2016q3/bin/../lib/gcc/arm-none-eabi/5.4.1/armv6-m/libgcc.a(divsf3.o)
 .bss           0x20000000        0x0 /srv/gcc-arm-none-eabi-5_4-2016q3/bin/../lib/gcc/arm-none-eabi/5.4.1/armv6-m/libgcc.a(eqsf2.o)
 .bss           0x20000000        0x0 /srv/gcc-arm-none-eabi-5_4-2016q3/bin/../lib/gcc/arm-none-eabi/5.4.1/armv6-m/libgcc.a(gesf2.o)
 .bss           0x20000000        0x0 /srv/gcc-arm-none-eabi-5_4-2016q3/bin/../lib/gcc/arm-none-eabi/5.4.1/armv6-m/libgcc.a(lesf2.o)
 .bss           0x20000000        0x0 /srv/gcc-arm-none-eabi-5_4-2016q3/bin/../lib/gcc/arm-none-eabi/5.4.1/armv6-m/libgcc.a(mulsf3.o)
 .bss           0x20000000        0x0 /srv/gcc-arm-none-eabi-5_4-2016q3/bin/../lib/gcc/arm-none-eabi/5.4.1/armv6-m/libgcc.a(subsf3.o)
 .bss           0x20000000        0x0 /srv/gcc-arm-none-eabi-5_4-2016q3/bin/../lib/gcc/arm-none-eabi/5.4.1/armv6-m/libgcc.a(fixsfsi.o)
 .bss           0x20000000        0x0 /srv/gcc-arm-none-eabi-5_4-2016q3/bin/../lib/gcc/arm-none-eabi/5.4.1/armv6-m/libgcc.a(floatunsisf.o)
 .bss           0x20000000        0x0 /srv/gcc-arm-none-eabi-5_4-2016q3/bin/../lib/gcc/arm-none-eabi/5.4.1/armv6-m/libgcc.a(adddf3.o)
 .bss           0x20000000        0x0 /srv/gcc-arm-none-eabi-5_4-2016q3/bin/../lib/gcc/arm-none-eabi/5.4.1/armv6-m/libgcc.a(eqdf2.o)
 .bss           0x20000000        0x0 /srv/gcc-arm-none-eabi-5_4-2016q3/bin/../lib/gcc/arm-none-eabi/5.4.1/armv6-m/libgcc.a(gedf2.o)
 .bss           0x20000000        0x0 /srv/gcc-arm-none-eabi-5_4-2016q3/bin/../lib/gcc/arm-none-eabi/5.4.1/armv6-m/libgcc.a(ledf2.o)
 .bss           0x20000000        0x0 /srv/gcc-arm-none-eabi-5_4-2016q3/bin/../lib/gcc/arm-none-eabi/5.4.1/armv6-m/libgcc.a(extendsfdf2.o)
 .bss           0x20000000        0x0 /srv/gcc-arm-none-eabi-5_4-2016q3/bin/../lib/gcc/arm-none-eabi/5.4.1/armv6-m/libgcc.a(truncdfsf2.o)
 .bss           0x20000000        0x0 /srv/gcc-arm-none-eabi-5_4-2016q3/bin/../lib/gcc/arm-none-eabi/5.4.1/armv6-m/libgcc.a(_clzsi2.o)
 *(.bss.*)
                0x20000000                . = ALIGN (0x4)
                0x20000000                _ebss = .
                0x20000100                _estack = (ORIGIN (RAM) + LENGTH (RAM))

/DISCARD/
 *(.ARM.exidx*)
OUTPUT(test_designstart.elf elf32-littlearm)

.debug_info     0x00000000      0x7cf
 .debug_info    0x00000000       0xcb ./code/crt.o
 .debug_info    0x000000cb      0x297 ./code/vectors_designstart.o
 .debug_info    0x00000362      0x46d ./code/main.o

.debug_abbrev   0x00000000      0x20c
 .debug_abbrev  0x00000000       0x7a ./code/crt.o
 .debug_abbrev  0x0000007a       0x82 ./code/vectors_designstart.o
 .debug_abbrev  0x000000fc      0x110 ./code/main.o

.debug_loc      0x00000000       0xf1
 .debug_loc     0x00000000       0x2c ./code/crt.o
 .debug_loc     0x0000002c       0xc5 ./code/main.o

.debug_aranges  0x00000000       0x60
 .debug_aranges
                0x00000000       0x20 ./code/crt.o
 .debug_aranges
                0x00000020       0x20 ./code/vectors_designstart.o
 .debug_aranges
                0x00000040       0x20 ./code/main.o

.debug_line     0x00000000      0x330
 .debug_line    0x00000000       0xe1 ./code/crt.o
 .debug_line    0x000000e1       0xe6 ./code/vectors_designstart.o
 .debug_line    0x000001c7      0x169 ./code/main.o

.debug_str      0x00000000      0x58d
 .debug_str     0x00000000      0x14e ./code/crt.o
                                0x18b (size before relaxing)
 .debug_str     0x0000014e      0x1e0 ./code/vectors_designstart.o
                                0x2bb (size before relaxing)
 .debug_str     0x0000032e      0x25f ./code/main.o
                                0x3a3 (size before relaxing)

.comment        0x00000000       0x6e
 .comment       0x00000000       0x6e ./code/crt.o
                                 0x6f (size before relaxing)
 .comment       0x0000006e       0x6f ./code/vectors_designstart.o
 .comment       0x0000006e       0x6f ./code/main.o

.ARM.attributes
                0x00000000       0x31
 .ARM.attributes
                0x00000000       0x31 ./code/crt.o
 .ARM.attributes
                0x00000031       0x31 ./code/vectors_designstart.o
 .ARM.attributes
                0x00000062       0x31 ./code/main.o
 .ARM.attributes
                0x00000093       0x1e /srv/gcc-arm-none-eabi-5_4-2016q3/bin/../lib/gcc/arm-none-eabi/5.4.1/armv6-m/libgcc.a(_udivsi3.o)
 .ARM.attributes
                0x000000b1       0x1e /srv/gcc-arm-none-eabi-5_4-2016q3/bin/../lib/gcc/arm-none-eabi/5.4.1/armv6-m/libgcc.a(_divsi3.o)
 .ARM.attributes
                0x000000cf       0x1e /srv/gcc-arm-none-eabi-5_4-2016q3/bin/../lib/gcc/arm-none-eabi/5.4.1/armv6-m/libgcc.a(_dvmd_tls.o)
 .ARM.attributes
                0x000000ed       0x1e /srv/gcc-arm-none-eabi-5_4-2016q3/bin/../lib/gcc/arm-none-eabi/5.4.1/armv6-m/libgcc.a(_arm_cmpdf2.o)
 .ARM.attributes
                0x0000010b       0x1e /srv/gcc-arm-none-eabi-5_4-2016q3/bin/../lib/gcc/arm-none-eabi/5.4.1/armv6-m/libgcc.a(_arm_cmpsf2.o)
 .ARM.attributes
                0x00000129       0x2c /srv/gcc-arm-none-eabi-5_4-2016q3/bin/../lib/gcc/arm-none-eabi/5.4.1/armv6-m/libgcc.a(_fixunssfsi.o)
 .ARM.attributes
                0x00000155       0x2c /srv/gcc-arm-none-eabi-5_4-2016q3/bin/../lib/gcc/arm-none-eabi/5.4.1/armv6-m/libgcc.a(addsf3.o)
 .ARM.attributes
                0x00000181       0x2c /srv/gcc-arm-none-eabi-5_4-2016q3/bin/../lib/gcc/arm-none-eabi/5.4.1/armv6-m/libgcc.a(divsf3.o)
 .ARM.attributes
                0x000001ad       0x2c /srv/gcc-arm-none-eabi-5_4-2016q3/bin/../lib/gcc/arm-none-eabi/5.4.1/armv6-m/libgcc.a(eqsf2.o)
 .ARM.attributes
                0x000001d9       0x2c /srv/gcc-arm-none-eabi-5_4-2016q3/bin/../lib/gcc/arm-none-eabi/5.4.1/armv6-m/libgcc.a(gesf2.o)
 .ARM.attributes
                0x00000205       0x2c /srv/gcc-arm-none-eabi-5_4-2016q3/bin/../lib/gcc/arm-none-eabi/5.4.1/armv6-m/libgcc.a(lesf2.o)
 .ARM.attributes
                0x00000231       0x2c /srv/gcc-arm-none-eabi-5_4-2016q3/bin/../lib/gcc/arm-none-eabi/5.4.1/armv6-m/libgcc.a(mulsf3.o)
 .ARM.attributes
                0x0000025d       0x2c /srv/gcc-arm-none-eabi-5_4-2016q3/bin/../lib/gcc/arm-none-eabi/5.4.1/armv6-m/libgcc.a(subsf3.o)
 .ARM.attributes
                0x00000289       0x2c /srv/gcc-arm-none-eabi-5_4-2016q3/bin/../lib/gcc/arm-none-eabi/5.4.1/armv6-m/libgcc.a(fixsfsi.o)
 .ARM.attributes
                0x000002b5       0x2c /srv/gcc-arm-none-eabi-5_4-2016q3/bin/../lib/gcc/arm-none-eabi/5.4.1/armv6-m/libgcc.a(floatunsisf.o)
 .ARM.attributes
                0x000002e1       0x2c /srv/gcc-arm-none-eabi-5_4-2016q3/bin/../lib/gcc/arm-none-eabi/5.4.1/armv6-m/libgcc.a(adddf3.o)
 .ARM.attributes
                0x0000030d       0x2c /srv/gcc-arm-none-eabi-5_4-2016q3/bin/../lib/gcc/arm-none-eabi/5.4.1/armv6-m/libgcc.a(eqdf2.o)
 .ARM.attributes
                0x00000339       0x2c /srv/gcc-arm-none-eabi-5_4-2016q3/bin/../lib/gcc/arm-none-eabi/5.4.1/armv6-m/libgcc.a(gedf2.o)
 .ARM.attributes
                0x00000365       0x2c /srv/gcc-arm-none-eabi-5_4-2016q3/bin/../lib/gcc/arm-none-eabi/5.4.1/armv6-m/libgcc.a(ledf2.o)
 .ARM.attributes
                0x00000391       0x2c /srv/gcc-arm-none-eabi-5_4-2016q3/bin/../lib/gcc/arm-none-eabi/5.4.1/armv6-m/libgcc.a(extendsfdf2.o)
 .ARM.attributes
                0x000003bd       0x2c /srv/gcc-arm-none-eabi-5_4-2016q3/bin/../lib/gcc/arm-none-eabi/5.4.1/armv6-m/libgcc.a(truncdfsf2.o)
 .ARM.attributes
                0x000003e9       0x1e /srv/gcc-arm-none-eabi-5_4-2016q3/bin/../lib/gcc/arm-none-eabi/5.4.1/armv6-m/libgcc.a(_clzsi2.o)

.debug_frame    0x00000000      0x680
 .debug_frame   0x00000000       0x2c ./code/crt.o
 .debug_frame   0x0000002c      0x1b0 ./code/vectors_designstart.o
 .debug_frame   0x000001dc      0x154 ./code/main.o
 .debug_frame   0x00000330       0x20 /srv/gcc-arm-none-eabi-5_4-2016q3/bin/../lib/gcc/arm-none-eabi/5.4.1/armv6-m/libgcc.a(_udivsi3.o)
 .debug_frame   0x00000350       0x20 /srv/gcc-arm-none-eabi-5_4-2016q3/bin/../lib/gcc/arm-none-eabi/5.4.1/armv6-m/libgcc.a(_divsi3.o)
 .debug_frame   0x00000370       0x28 /srv/gcc-arm-none-eabi-5_4-2016q3/bin/../lib/gcc/arm-none-eabi/5.4.1/armv6-m/libgcc.a(_fixunssfsi.o)
 .debug_frame   0x00000398       0x30 /srv/gcc-arm-none-eabi-5_4-2016q3/bin/../lib/gcc/arm-none-eabi/5.4.1/armv6-m/libgcc.a(addsf3.o)
 .debug_frame   0x000003c8       0x3c /srv/gcc-arm-none-eabi-5_4-2016q3/bin/../lib/gcc/arm-none-eabi/5.4.1/armv6-m/libgcc.a(divsf3.o)
 .debug_frame   0x00000404       0x2c /srv/gcc-arm-none-eabi-5_4-2016q3/bin/../lib/gcc/arm-none-eabi/5.4.1/armv6-m/libgcc.a(eqsf2.o)
 .debug_frame   0x00000430       0x30 /srv/gcc-arm-none-eabi-5_4-2016q3/bin/../lib/gcc/arm-none-eabi/5.4.1/armv6-m/libgcc.a(gesf2.o)
 .debug_frame   0x00000460       0x30 /srv/gcc-arm-none-eabi-5_4-2016q3/bin/../lib/gcc/arm-none-eabi/5.4.1/armv6-m/libgcc.a(lesf2.o)
 .debug_frame   0x00000490       0x38 /srv/gcc-arm-none-eabi-5_4-2016q3/bin/../lib/gcc/arm-none-eabi/5.4.1/armv6-m/libgcc.a(mulsf3.o)
 .debug_frame   0x000004c8       0x30 /srv/gcc-arm-none-eabi-5_4-2016q3/bin/../lib/gcc/arm-none-eabi/5.4.1/armv6-m/libgcc.a(subsf3.o)
 .debug_frame   0x000004f8       0x20 /srv/gcc-arm-none-eabi-5_4-2016q3/bin/../lib/gcc/arm-none-eabi/5.4.1/armv6-m/libgcc.a(fixsfsi.o)
 .debug_frame   0x00000518       0x2c /srv/gcc-arm-none-eabi-5_4-2016q3/bin/../lib/gcc/arm-none-eabi/5.4.1/armv6-m/libgcc.a(floatunsisf.o)
 .debug_frame   0x00000544       0x3c /srv/gcc-arm-none-eabi-5_4-2016q3/bin/../lib/gcc/arm-none-eabi/5.4.1/armv6-m/libgcc.a(adddf3.o)
 .debug_frame   0x00000580       0x38 /srv/gcc-arm-none-eabi-5_4-2016q3/bin/../lib/gcc/arm-none-eabi/5.4.1/armv6-m/libgcc.a(eqdf2.o)
 .debug_frame   0x000005b8       0x38 /srv/gcc-arm-none-eabi-5_4-2016q3/bin/../lib/gcc/arm-none-eabi/5.4.1/armv6-m/libgcc.a(gedf2.o)
 .debug_frame   0x000005f0       0x38 /srv/gcc-arm-none-eabi-5_4-2016q3/bin/../lib/gcc/arm-none-eabi/5.4.1/armv6-m/libgcc.a(ledf2.o)
 .debug_frame   0x00000628       0x2c /srv/gcc-arm-none-eabi-5_4-2016q3/bin/../lib/gcc/arm-none-eabi/5.4.1/armv6-m/libgcc.a(extendsfdf2.o)
 .debug_frame   0x00000654       0x2c /srv/gcc-arm-none-eabi-5_4-2016q3/bin/../lib/gcc/arm-none-eabi/5.4.1/armv6-m/libgcc.a(truncdfsf2.o)

Cross Reference Table

Symbol                                            File
ADC_IRQHandler                                    ./code/vectors_designstart.o
BOD_IRQHandler                                    ./code/vectors_designstart.o
BUTTON                                            ./code/main.o
BusFault_Handler                                  ./code/vectors_designstart.o
CT16B0_IRQHandler                                 ./code/vectors_designstart.o
CT16B1_IRQHandler                                 ./code/vectors_designstart.o
CT32B0_IRQHandler                                 ./code/vectors_designstart.o
CT32B1_IRQHandler                                 ./code/vectors_designstart.o
C_CAN_IRQHandler                                  ./code/vectors_designstart.o
DebugMon_Handler                                  ./code/vectors_designstart.o
HardFault_Handler                                 ./code/vectors_designstart.o
I2C_IRQHandler                                    ./code/vectors_designstart.o
MemManage_Handler                                 ./code/vectors_designstart.o
NMI_Handler                                       ./code/vectors_designstart.o
OLED                                              ./code/main.o
PIO_0_IRQHandler                                  ./code/vectors_designstart.o
PIO_1_IRQHandler                                  ./code/vectors_designstart.o
PIO_2_IRQHandler                                  ./code/vectors_designstart.o
PIO_3_IRQHandler                                  ./code/vectors_designstart.o
PendSV_Handler                                    ./code/vectors_designstart.o
ResetHandler                                      ./code/crt.o
                                                  ./code/vectors_designstart.o
SEGMENT                                           ./code/main.o
SENSOR                                            ./code/main.o
SSP0_IRQHandler                                   ./code/vectors_designstart.o
SSP1_IRQHandler                                   ./code/vectors_designstart.o
SVC_Handler                                       ./code/vectors_designstart.o
SysTick_Handler                                   ./code/vectors_designstart.o
TIMER                                             ./code/main.o
UART_IRQHandler                                   ./code/vectors_designstart.o
UsageFault_Handler                                ./code/vectors_designstart.o
WAKEUP_IRQHandler                                 ./code/vectors_designstart.o
WDT_IRQHandler                                    ./code/vectors_designstart.o
__aeabi_cdcmpeq                                   /srv/gcc-arm-none-eabi-5_4-2016q3/bin/../lib/gcc/arm-none-eabi/5.4.1/armv6-m/libgcc.a(_arm_cmpdf2.o)
__aeabi_cdcmple                                   /srv/gcc-arm-none-eabi-5_4-2016q3/bin/../lib/gcc/arm-none-eabi/5.4.1/armv6-m/libgcc.a(_arm_cmpdf2.o)
__aeabi_cdrcmple                                  /srv/gcc-arm-none-eabi-5_4-2016q3/bin/../lib/gcc/arm-none-eabi/5.4.1/armv6-m/libgcc.a(_arm_cmpdf2.o)
__aeabi_cfcmpeq                                   /srv/gcc-arm-none-eabi-5_4-2016q3/bin/../lib/gcc/arm-none-eabi/5.4.1/armv6-m/libgcc.a(_arm_cmpsf2.o)
__aeabi_cfcmple                                   /srv/gcc-arm-none-eabi-5_4-2016q3/bin/../lib/gcc/arm-none-eabi/5.4.1/armv6-m/libgcc.a(_arm_cmpsf2.o)
__aeabi_cfrcmple                                  /srv/gcc-arm-none-eabi-5_4-2016q3/bin/../lib/gcc/arm-none-eabi/5.4.1/armv6-m/libgcc.a(_arm_cmpsf2.o)
__aeabi_d2f                                       /srv/gcc-arm-none-eabi-5_4-2016q3/bin/../lib/gcc/arm-none-eabi/5.4.1/armv6-m/libgcc.a(truncdfsf2.o)
                                                  ./code/main.o
__aeabi_dadd                                      /srv/gcc-arm-none-eabi-5_4-2016q3/bin/../lib/gcc/arm-none-eabi/5.4.1/armv6-m/libgcc.a(adddf3.o)
                                                  ./code/main.o
__aeabi_dcmpeq                                    /srv/gcc-arm-none-eabi-5_4-2016q3/bin/../lib/gcc/arm-none-eabi/5.4.1/armv6-m/libgcc.a(_arm_cmpdf2.o)
__aeabi_dcmpge                                    /srv/gcc-arm-none-eabi-5_4-2016q3/bin/../lib/gcc/arm-none-eabi/5.4.1/armv6-m/libgcc.a(_arm_cmpdf2.o)
__aeabi_dcmpgt                                    /srv/gcc-arm-none-eabi-5_4-2016q3/bin/../lib/gcc/arm-none-eabi/5.4.1/armv6-m/libgcc.a(_arm_cmpdf2.o)
                                                  ./code/main.o
__aeabi_dcmple                                    /srv/gcc-arm-none-eabi-5_4-2016q3/bin/../lib/gcc/arm-none-eabi/5.4.1/armv6-m/libgcc.a(_arm_cmpdf2.o)
__aeabi_dcmplt                                    /srv/gcc-arm-none-eabi-5_4-2016q3/bin/../lib/gcc/arm-none-eabi/5.4.1/armv6-m/libgcc.a(_arm_cmpdf2.o)
__aeabi_f2d                                       /srv/gcc-arm-none-eabi-5_4-2016q3/bin/../lib/gcc/arm-none-eabi/5.4.1/armv6-m/libgcc.a(extendsfdf2.o)
                                                  ./code/main.o
__aeabi_f2iz                                      /srv/gcc-arm-none-eabi-5_4-2016q3/bin/../lib/gcc/arm-none-eabi/5.4.1/armv6-m/libgcc.a(fixsfsi.o)
                                                  /srv/gcc-arm-none-eabi-5_4-2016q3/bin/../lib/gcc/arm-none-eabi/5.4.1/armv6-m/libgcc.a(_fixunssfsi.o)
__aeabi_f2uiz                                     /srv/gcc-arm-none-eabi-5_4-2016q3/bin/../lib/gcc/arm-none-eabi/5.4.1/armv6-m/libgcc.a(_fixunssfsi.o)
                                                  ./code/main.o
__aeabi_fadd                                      /srv/gcc-arm-none-eabi-5_4-2016q3/bin/../lib/gcc/arm-none-eabi/5.4.1/armv6-m/libgcc.a(addsf3.o)
                                                  ./code/main.o
__aeabi_fcmpeq                                    /srv/gcc-arm-none-eabi-5_4-2016q3/bin/../lib/gcc/arm-none-eabi/5.4.1/armv6-m/libgcc.a(_arm_cmpsf2.o)
                                                  ./code/main.o
__aeabi_fcmpge                                    /srv/gcc-arm-none-eabi-5_4-2016q3/bin/../lib/gcc/arm-none-eabi/5.4.1/armv6-m/libgcc.a(_arm_cmpsf2.o)
                                                  /srv/gcc-arm-none-eabi-5_4-2016q3/bin/../lib/gcc/arm-none-eabi/5.4.1/armv6-m/libgcc.a(_fixunssfsi.o)
__aeabi_fcmpgt                                    /srv/gcc-arm-none-eabi-5_4-2016q3/bin/../lib/gcc/arm-none-eabi/5.4.1/armv6-m/libgcc.a(_arm_cmpsf2.o)
                                                  ./code/main.o
__aeabi_fcmple                                    /srv/gcc-arm-none-eabi-5_4-2016q3/bin/../lib/gcc/arm-none-eabi/5.4.1/armv6-m/libgcc.a(_arm_cmpsf2.o)
__aeabi_fcmplt                                    /srv/gcc-arm-none-eabi-5_4-2016q3/bin/../lib/gcc/arm-none-eabi/5.4.1/armv6-m/libgcc.a(_arm_cmpsf2.o)
__aeabi_fdiv                                      /srv/gcc-arm-none-eabi-5_4-2016q3/bin/../lib/gcc/arm-none-eabi/5.4.1/armv6-m/libgcc.a(divsf3.o)
                                                  ./code/main.o
__aeabi_fmul                                      /srv/gcc-arm-none-eabi-5_4-2016q3/bin/../lib/gcc/arm-none-eabi/5.4.1/armv6-m/libgcc.a(mulsf3.o)
                                                  ./code/main.o
__aeabi_fsub                                      /srv/gcc-arm-none-eabi-5_4-2016q3/bin/../lib/gcc/arm-none-eabi/5.4.1/armv6-m/libgcc.a(subsf3.o)
                                                  /srv/gcc-arm-none-eabi-5_4-2016q3/bin/../lib/gcc/arm-none-eabi/5.4.1/armv6-m/libgcc.a(_fixunssfsi.o)
                                                  ./code/main.o
__aeabi_idiv                                      /srv/gcc-arm-none-eabi-5_4-2016q3/bin/../lib/gcc/arm-none-eabi/5.4.1/armv6-m/libgcc.a(_divsi3.o)
__aeabi_idiv0                                     /srv/gcc-arm-none-eabi-5_4-2016q3/bin/../lib/gcc/arm-none-eabi/5.4.1/armv6-m/libgcc.a(_dvmd_tls.o)
                                                  /srv/gcc-arm-none-eabi-5_4-2016q3/bin/../lib/gcc/arm-none-eabi/5.4.1/armv6-m/libgcc.a(_divsi3.o)
                                                  /srv/gcc-arm-none-eabi-5_4-2016q3/bin/../lib/gcc/arm-none-eabi/5.4.1/armv6-m/libgcc.a(_udivsi3.o)
__aeabi_idivmod                                   /srv/gcc-arm-none-eabi-5_4-2016q3/bin/../lib/gcc/arm-none-eabi/5.4.1/armv6-m/libgcc.a(_divsi3.o)
                                                  ./code/main.o
__aeabi_ldiv0                                     /srv/gcc-arm-none-eabi-5_4-2016q3/bin/../lib/gcc/arm-none-eabi/5.4.1/armv6-m/libgcc.a(_dvmd_tls.o)
__aeabi_ui2f                                      /srv/gcc-arm-none-eabi-5_4-2016q3/bin/../lib/gcc/arm-none-eabi/5.4.1/armv6-m/libgcc.a(floatunsisf.o)
                                                  ./code/main.o
__aeabi_uidiv                                     /srv/gcc-arm-none-eabi-5_4-2016q3/bin/../lib/gcc/arm-none-eabi/5.4.1/armv6-m/libgcc.a(_udivsi3.o)
                                                  ./code/main.o
__aeabi_uidivmod                                  /srv/gcc-arm-none-eabi-5_4-2016q3/bin/../lib/gcc/arm-none-eabi/5.4.1/armv6-m/libgcc.a(_udivsi3.o)
                                                  ./code/main.o
__clzsi2                                          /srv/gcc-arm-none-eabi-5_4-2016q3/bin/../lib/gcc/arm-none-eabi/5.4.1/armv6-m/libgcc.a(_clzsi2.o)
                                                  /srv/gcc-arm-none-eabi-5_4-2016q3/bin/../lib/gcc/arm-none-eabi/5.4.1/armv6-m/libgcc.a(extendsfdf2.o)
                                                  /srv/gcc-arm-none-eabi-5_4-2016q3/bin/../lib/gcc/arm-none-eabi/5.4.1/armv6-m/libgcc.a(adddf3.o)
                                                  /srv/gcc-arm-none-eabi-5_4-2016q3/bin/../lib/gcc/arm-none-eabi/5.4.1/armv6-m/libgcc.a(floatunsisf.o)
                                                  /srv/gcc-arm-none-eabi-5_4-2016q3/bin/../lib/gcc/arm-none-eabi/5.4.1/armv6-m/libgcc.a(subsf3.o)
                                                  /srv/gcc-arm-none-eabi-5_4-2016q3/bin/../lib/gcc/arm-none-eabi/5.4.1/armv6-m/libgcc.a(mulsf3.o)
                                                  /srv/gcc-arm-none-eabi-5_4-2016q3/bin/../lib/gcc/arm-none-eabi/5.4.1/armv6-m/libgcc.a(divsf3.o)
                                                  /srv/gcc-arm-none-eabi-5_4-2016q3/bin/../lib/gcc/arm-none-eabi/5.4.1/armv6-m/libgcc.a(addsf3.o)
__divsi3                                          /srv/gcc-arm-none-eabi-5_4-2016q3/bin/../lib/gcc/arm-none-eabi/5.4.1/armv6-m/libgcc.a(_divsi3.o)
__eqdf2                                           /srv/gcc-arm-none-eabi-5_4-2016q3/bin/../lib/gcc/arm-none-eabi/5.4.1/armv6-m/libgcc.a(eqdf2.o)
                                                  /srv/gcc-arm-none-eabi-5_4-2016q3/bin/../lib/gcc/arm-none-eabi/5.4.1/armv6-m/libgcc.a(_arm_cmpdf2.o)
__eqsf2                                           /srv/gcc-arm-none-eabi-5_4-2016q3/bin/../lib/gcc/arm-none-eabi/5.4.1/armv6-m/libgcc.a(eqsf2.o)
                                                  /srv/gcc-arm-none-eabi-5_4-2016q3/bin/../lib/gcc/arm-none-eabi/5.4.1/armv6-m/libgcc.a(_arm_cmpsf2.o)
__fixunssfsi                                      /srv/gcc-arm-none-eabi-5_4-2016q3/bin/../lib/gcc/arm-none-eabi/5.4.1/armv6-m/libgcc.a(_fixunssfsi.o)
__gedf2                                           /srv/gcc-arm-none-eabi-5_4-2016q3/bin/../lib/gcc/arm-none-eabi/5.4.1/armv6-m/libgcc.a(gedf2.o)
                                                  /srv/gcc-arm-none-eabi-5_4-2016q3/bin/../lib/gcc/arm-none-eabi/5.4.1/armv6-m/libgcc.a(_arm_cmpdf2.o)
__gesf2                                           /srv/gcc-arm-none-eabi-5_4-2016q3/bin/../lib/gcc/arm-none-eabi/5.4.1/armv6-m/libgcc.a(gesf2.o)
                                                  /srv/gcc-arm-none-eabi-5_4-2016q3/bin/../lib/gcc/arm-none-eabi/5.4.1/armv6-m/libgcc.a(_arm_cmpsf2.o)
__gtdf2                                           /srv/gcc-arm-none-eabi-5_4-2016q3/bin/../lib/gcc/arm-none-eabi/5.4.1/armv6-m/libgcc.a(gedf2.o)
__gtsf2                                           /srv/gcc-arm-none-eabi-5_4-2016q3/bin/../lib/gcc/arm-none-eabi/5.4.1/armv6-m/libgcc.a(gesf2.o)
__ledf2                                           /srv/gcc-arm-none-eabi-5_4-2016q3/bin/../lib/gcc/arm-none-eabi/5.4.1/armv6-m/libgcc.a(ledf2.o)
                                                  /srv/gcc-arm-none-eabi-5_4-2016q3/bin/../lib/gcc/arm-none-eabi/5.4.1/armv6-m/libgcc.a(_arm_cmpdf2.o)
__lesf2                                           /srv/gcc-arm-none-eabi-5_4-2016q3/bin/../lib/gcc/arm-none-eabi/5.4.1/armv6-m/libgcc.a(lesf2.o)
                                                  /srv/gcc-arm-none-eabi-5_4-2016q3/bin/../lib/gcc/arm-none-eabi/5.4.1/armv6-m/libgcc.a(_arm_cmpsf2.o)
__ltdf2                                           /srv/gcc-arm-none-eabi-5_4-2016q3/bin/../lib/gcc/arm-none-eabi/5.4.1/armv6-m/libgcc.a(ledf2.o)
__ltsf2                                           /srv/gcc-arm-none-eabi-5_4-2016q3/bin/../lib/gcc/arm-none-eabi/5.4.1/armv6-m/libgcc.a(lesf2.o)
__nedf2                                           /srv/gcc-arm-none-eabi-5_4-2016q3/bin/../lib/gcc/arm-none-eabi/5.4.1/armv6-m/libgcc.a(eqdf2.o)
__nesf2                                           /srv/gcc-arm-none-eabi-5_4-2016q3/bin/../lib/gcc/arm-none-eabi/5.4.1/armv6-m/libgcc.a(eqsf2.o)
__udivsi3                                         /srv/gcc-arm-none-eabi-5_4-2016q3/bin/../lib/gcc/arm-none-eabi/5.4.1/armv6-m/libgcc.a(_udivsi3.o)
_ebss                                             ./code/crt.o
_estack                                           ./code/vectors_designstart.o
_sbss                                             ./code/crt.o
check_button                                      ./code/main.o
clear_fork                                        ./code/main.o
clear_timer_long                                  ./code/main.o
display_segment                                   ./code/main.o
gVectors                                          ./code/vectors_designstart.o
int2bcd                                           ./code/main.o
main                                              ./code/main.o
                                                  ./code/crt.o
press_d_mode                                      ./code/main.o
press_mode                                        ./code/main.o
press_trip                                        ./code/main.o
read_crank                                        ./code/main.o
read_fork                                         ./code/main.o
read_time_long                                    ./code/main.o
read_time_short                                   ./code/main.o
setting                                           ./code/main.o
time_up                                           ./code/main.o
wait_for_press                                    ./code/main.o
wait_for_wheel_girth                              ./code/main.o
